11-28 16:47:33.059 18229 18333 V Minetest: 2023-11-28 16:47:33: VERBOSE[Main]: Server: 077a5626c8401167d9b326d161aebaa6ce050813 is default.it.tr
11-28 16:47:33.060 18229 18333 V Minetest: 2023-11-28 16:47:33: VERBOSE[Main]: Server: 4e978056ce399b355429c46ace61b8b45c7cac10 is default.ja.tr
11-28 16:47:33.060 18229 18333 V Minetest: 2023-11-28 16:47:33: VERBOSE[Main]: Server: e1801d96f3fed168d8ab727988495c9fa955db80 is default.jbo.tr
11-28 16:47:33.060 18229 18333 V Minetest: 2023-11-28 16:47:33: VERBOSE[Main]: Server: 433b21a55e288ae6e781340eee60c215b06632b7 is default.ms.tr
11-28 16:47:33.061 18229 18333 V Minetest: 2023-11-28 16:47:33: VERBOSE[Main]: Server: 290b6ea900c8e0a21f87ba7ac8382103f76a5907 is default.pl.tr
11-28 16:47:33.061 18229 18333 V Minetest: 2023-11-28 16:47:33: VERBOSE[Main]: Server: 9125c16efa503a29f1540aedbabd8e76187d5860 is default.pt_BR.tr
11-28 16:47:33.063 18229 18333 V Minetest: 2023-11-28 16:47:33: VERBOSE[Main]: Server: 0edaf54de5c450bf5188f0c4da3c1057231157d1 is default.ru.tr
11-28 16:47:33.063 18229 18333 V Minetest: 2023-11-28 16:47:33: VERBOSE[Main]: Server: 766df719076a3a25d87ada9cc245ce5fb343b5fd is default.sk.tr
11-28 16:47:33.064 18229 18333 V Minetest: 2023-11-28 16:47:33: VERBOSE[Main]: Server: c49f4e32dec20a37323689ffd9bf725cf9bcbb41 is default.sv.tr
11-28 16:47:33.065 18229 18333 V Minetest: 2023-11-28 16:47:33: VERBOSE[Main]: Server: ce43da365078555bf5fcbf2b47edcac7f9c812d6 is default.uk.tr
11-28 16:47:33.065 18229 18333 V Minetest: 2023-11-28 16:47:33: VERBOSE[Main]: Server: d2c1dbcd69aeadb61782d034d76ccd067f798b61 is default.zh_CN.tr
11-28 16:47:33.065 18229 18333 V Minetest: 2023-11-28 16:47:33: VERBOSE[Main]: Server: c528b06382924df209613d4fd2e06f8fd34b1977 is default.zh_TW.tr
11-28 16:47:33.065 18229 18333 D Minetest: 2023-11-28 16:47:33: INFO[Main]: Server: ignoring unsupported file extension: "template.txt"
11-28 16:47:33.066 18229 18333 V Minetest: 2023-11-28 16:47:33: VERBOSE[Main]: Server: 5814e919c27be4406bf5af76194cfbfd7679f03f is player.png
11-28 16:47:33.066 18229 18333 V Minetest: 2023-11-28 16:47:33: VERBOSE[Main]: Server: b05fe6447193468e6395864fcdce194f836ec0eb is player_back.png
11-28 16:47:33.071 18229 18333 V Minetest: 2023-11-28 16:47:33: VERBOSE[Main]: Server: 83d91df74705943a9b6ece41e1e5f9c2c1e93b83 is character.b3d
11-28 16:47:33.071 18229 18333 D Minetest: 2023-11-28 16:47:33: INFO[Main]: Server: ignoring unsupported file extension: "character.blend"
11-28 16:47:33.072 18229 18333 V Minetest: 2023-11-28 16:47:33: VERBOSE[Main]: Server: b137fbea946e36e31d1190990deb8ae838972a06 is character.png
11-28 16:47:33.072 18229 18333 V Minetest: 2023-11-28 16:47:33: VERBOSE[Main]: Server: aeb807e1df24dfe4af74c4dfbf86370ad875827a is screwdriver.png
11-28 16:47:33.072 18229 18333 V Minetest: 2023-11-28 16:47:33: VERBOSE[Main]: Server: 7ad005de15ffd06ba46324f34b7bd9b8a1776a0d is screwdriver.de.tr
11-28 16:47:33.072 18229 18333 V Minetest: 2023-11-28 16:47:33: VERBOSE[Main]: Server: 3db5f9f5030dd30dc8d46937057a8823126589fe is screwdriver.eo.tr
11-28 16:47:33.072 18229 18333 V Minetest: 2023-11-28 16:47:33: VERBOSE[Main]: Server: 868b0e0ed9420ef99db12b5c4dbd33db73855444 is screwdriver.es.tr
11-28 16:47:33.072 18229 18333 V Minetest: 2023-11-28 16:47:33: VERBOSE[Main]: Server: fdca9318da0ffb0492aaf8d5faa37bf4af27212e is screwdriver.fr.tr
11-28 16:47:33.072 18229 18333 V Minetest: 2023-11-28 16:47:33: VERBOSE[Main]: Server: 952b6fd06d0b3b739fad891b45dfa7e9fac3d53e is screwdriver.id.tr
11-28 16:47:33.072 18229 18333 V Minetest: 2023-11-28 16:47:33: VERBOSE[Main]: Server: 9e75b30fd7f8c251ab9bc2c472af4c177e2d6f71 is screwdriver.it.tr
11-28 16:47:33.072 18229 18333 V Minetest: 2023-11-28 16:47:33: VERBOSE[Main]: Server: 0fe2bc355a49a271e346dfb8f31e549a7a60c311 is screwdriver.ja.tr
11-28 16:47:33.073 18229 18333 V Minetest: 2023-11-28 16:47:33: VERBOSE[Main]: Server: 08c46f2d5f8b8cc4e2d138bd83216cb87025aff4 is screwdriver.jbo.tr
11-28 16:47:33.073 18229 18333 V Minetest: 2023-11-28 16:47:33: VERBOSE[Main]: Server: 191c5b8b953050f2e8d11c138fe4d1beaf2ef9a9 is screwdriver.ms.tr
11-28 16:47:33.073 18229 18333 V Minetest: 2023-11-28 16:47:33: VERBOSE[Main]: Server: fda5ca5452745b3ca50fc39119a8d126d8492b3d is screwdriver.pl.tr
11-28 16:47:33.073 18229 18333 V Minetest: 2023-11-28 16:47:33: VERBOSE[Main]: Server: 4d991175b9f83df9dac1d21db664d7d924c0dbe6 is screwdriver.pt_BR.tr
11-28 16:47:33.073 18229 18333 V Minetest: 2023-11-28 16:47:33: VERBOSE[Main]: Server: c219e99679ad41376d2e0ad22e27336b8a9c81e9 is screwdriver.ru.tr
11-28 16:47:33.073 18229 18333 V Minetest: 2023-11-28 16:47:33: VERBOSE[Main]: Server: 58c391b583c4cd1140c220da9d36200a29d1da42 is screwdriver.sk.tr
11-28 16:47:33.073 18229 18333 V Minetest: 2023-11-28 16:47:33: VERBOSE[Main]: Server: b2f1161672c3462daa1a7b461ccdfa846126ad8a is screwdriver.sv.tr
11-28 16:47:33.074 18229 18333 V Minetest: 2023-11-28 16:47:33: VERBOSE[Main]: Server: 86f0547ee662cc1702bbf2f973c2d8e09ffe9e5e is screwdriver.uk.tr
11-28 16:47:33.074 18229 18333 V Minetest: 2023-11-28 16:47:33: VERBOSE[Main]: Server: c8499cf14b7e3852f4ccdf6618c8d6cbf3d79017 is screwdriver.zh_CN.tr
11-28 16:47:33.074 18229 18333 V Minetest: 2023-11-28 16:47:33: VERBOSE[Main]: Server: 1c0ce2fe0bd21e52f7abfe8d5f0a8524fd6156a9 is screwdriver.zh_TW.tr
11-28 16:47:33.074 18229 18333 D Minetest: 2023-11-28 16:47:33: INFO[Main]: Server: ignoring unsupported file extension: "template.txt"
11-28 16:47:33.074 18229 18333 V Minetest: 2023-11-28 16:47:33: VERBOSE[Main]: Server: 6fef806e062428936acb610f41902fdd6d6de5b1 is sethome.de.tr
11-28 16:47:33.074 18229 18333 V Minetest: 2023-11-28 16:47:33: VERBOSE[Main]: Server: 07d93cf0a1dca2abfe4249a89f59b4e39ff4a40e is sethome.eo.tr
11-28 16:47:33.074 18229 18333 V Minetest: 2023-11-28 16:47:33: VERBOSE[Main]: Server: 7d915b6a999874881fefb095cfea898c83141b64 is sethome.es.tr
11-28 16:47:33.074 18229 18333 V Minetest: 2023-11-28 16:47:33: VERBOSE[Main]: Server: 0299250ca7e9cdd228d66f41a11ece1717b517f9 is sethome.fr.tr
11-28 16:47:33.075 18229 18333 V Minetest: 2023-11-28 16:47:33: VERBOSE[Main]: Server: 5581d6ceebff4b0cd20bce6e2a7d7107d1426527 is sethome.id.tr
11-28 16:47:33.075 18229 18333 V Minetest: 2023-11-28 16:47:33: VERBOSE[Main]: Server: 1b58a3dc1051bb15dbac903c0c1ba97ed62862ef is sethome.it.tr
11-28 16:47:33.075 18229 18333 V Minetest: 2023-11-28 16:47:33: VERBOSE[Main]: Server: 10a440bc5dcd08e8d45a8cf468463038cb1c68fa is sethome.ja.tr
11-28 16:47:33.075 18229 18333 V Minetest: 2023-11-28 16:47:33: VERBOSE[Main]: Server: 3fa36b46455f80c4c6c1322f1e5bafa7252f7d07 is sethome.jbo.tr
11-28 16:47:33.075 18229 18333 V Minetest: 2023-11-28 16:47:33: VERBOSE[Main]: Server: e383128d02987aa0e8e99582ea5b4f7e891370a1 is sethome.ms.tr
11-28 16:47:33.075 18229 18333 V Minetest: 2023-11-28 16:47:33: VERBOSE[Main]: Server: b0ac3c67ee0180020f6b18e92f0ad0bf78edc70e is sethome.pl.tr
11-28 16:47:33.075 18229 18333 V Minetest: 2023-11-28 16:47:33: VERBOSE[Main]: Server: c7c31b1b2a4bebfa4cb1c58c48396170ac161759 is sethome.pt_BR.tr
11-28 16:47:33.075 18229 18333 V Minetest: 2023-11-28 16:47:33: VERBOSE[Main]: Server: fd35428b4d894d83be013a61362d3820f51f36e1 is sethome.ru.tr
11-28 16:47:33.075 18229 18333 V Minetest: 2023-11-28 16:47:33: VERBOSE[Main]: Server: d31063d85347c56993ea8625346c99881425704c is sethome.sk.tr
11-28 16:47:33.076 18229 18333 V Minetest: 2023-11-28 16:47:33: VERBOSE[Main]: Server: 71c6bdf2cccaa622c8af5d2707b338b1f7b0722c is sethome.sv.tr
11-28 16:47:33.077 18229 18333 V Minetest: 2023-11-28 16:47:33: VERBOSE[Main]: Server: 7c15ee5ae493d3292b65bae18e96bb302eb3a2d8 is sethome.uk.tr
11-28 16:47:33.077 18229 18333 V Minetest: 2023-11-28 16:47:33: VERBOSE[Main]: Server: b38b682b1f6ad755162a3b6821d5e9ec7530cce4 is sethome.zh_CN.tr
11-28 16:47:33.077 18229 18333 V Minetest: 2023-11-28 16:47:33: VERBOSE[Main]: Server: fb0b1b07b9e2f913760a16d7c1a3a506c6098b73 is sethome.zh_TW.tr
11-28 16:47:33.077 18229 18333 D Minetest: 2023-11-28 16:47:33: INFO[Main]: Server: ignoring unsupported file extension: "template.txt"
11-28 16:47:33.078 18229 18333 V Minetest: 2023-11-28 16:47:33: VERBOSE[Main]: Server: 6e8767b80d701dcaa4b9b646106bb18cda5f4c31 is craftguide_clear_icon.png
11-28 16:47:33.078 18229 18333 V Minetest: 2023-11-28 16:47:33: VERBOSE[Main]: Server: cd324bef4c93094e5b1d387f1506aa9e58a8d261 is craftguide_furnace.png
11-28 16:47:33.078 18229 18333 V Minetest: 2023-11-28 16:47:33: VERBOSE[Main]: Server: ac0def035da6f6b3adf25f76d11033c0a865e64c is craftguide_next_icon.png
11-28 16:47:33.078 18229 18333 V Minetest: 2023-11-28 16:47:33: VERBOSE[Main]: Server: 30382f4f2a69ad424bdca65ee1c6f5f83a48318c is craftguide_prev_icon.png
11-28 16:47:33.078 18229 18333 V Minetest: 2023-11-28 16:47:33: VERBOSE[Main]: Server: 5e0611d6cb5b09b5cc3fa8e0f7f28564ece8103d is craftguide_search_icon.png
11-28 16:47:33.079 18229 18333 V Minetest: 2023-11-28 16:47:33: VERBOSE[Main]: Server: 1e290b29e6a2b6d54653cd39f92e5afcedfb1831 is craftguide_shapeless.png
11-28 16:47:33.080 18229 18333 V Minetest: 2023-11-28 16:47:33: VERBOSE[Main]: Server: 30eb4ae3eb166773acb0a41cc90f1e93e63d69f5 is mtg_craftguide.de.tr
11-28 16:47:33.080 18229 18333 V Minetest: 2023-11-28 16:47:33: VERBOSE[Main]: Server: 0cb29c718bdc21d883f98ac28b44dbc49a6f1893 is mtg_craftguide.eo.tr
11-28 16:47:33.080 18229 18333 V Minetest: 2023-11-28 16:47:33: VERBOSE[Main]: Server: 03346c2ae2f9c752e9f25c9d41aeaba1d17554d2 is mtg_craftguide.es.tr
11-28 16:47:33.080 18229 18333 V Minetest: 2023-11-28 16:47:33: VERBOSE[Main]: Server: 0959e8dbf4cddaa7d3f8b3ce2f59d97aefa576ac is mtg_craftguide.fr.tr
11-28 16:47:33.080 18229 18333 V Minetest: 2023-11-28 16:47:33: VERBOSE[Main]: Server: 204094f8bf162d0070c0a824381c69090f6acebe is mtg_craftguide.ja.tr
11-28 16:47:33.080 18229 18333 V Minetest: 2023-11-28 16:47:33: VERBOSE[Main]: Server: c142337b01f551843e9f11712a682750241ae228 is mtg_craftguide.jbo.tr
11-28 16:47:33.081 18229 18333 V Minetest: 2023-11-28 16:47:33: VERBOSE[Main]: Server: 6b5c4b0d6709c7f5f8f4a0f03cc475b6fdbff4d9 is mtg_craftguide.pl.tr
11-28 16:47:33.081 18229 18333 V Minetest: 2023-11-28 16:47:33: VERBOSE[Main]: Server: 10a3ece515c515c6e8bdf1ecb92b5e3367f4e2da is mtg_craftguide.pt_BR.tr
11-28 16:47:33.081 18229 18333 V Minetest: 2023-11-28 16:47:33: VERBOSE[Main]: Server: 18f5182edf765425468751191e7b6763543286d0 is mtg_craftguide.ru.tr
11-28 16:47:33.081 18229 18333 V Minetest: 2023-11-28 16:47:33: VERBOSE[Main]: Server: 9c2e8fd8f6eb9820da1b8f86ac653a0c871b1fb5 is mtg_craftguide.sv.tr
11-28 16:47:33.081 18229 18333 V Minetest: 2023-11-28 16:47:33: VERBOSE[Main]: Server: f8b9777d68a63d5a06554ffccb103a53f5c68e78 is mtg_craftguide.uk.tr
11-28 16:47:33.081 18229 18333 V Minetest: 2023-11-28 16:47:33: VERBOSE[Main]: Server: 95b271d28b97cf33c17707b1fdf6f0a37575939c is mtg_craftguide.zh_CN.tr
11-28 16:47:33.081 18229 18333 V Minetest: 2023-11-28 16:47:33: VERBOSE[Main]: Server: 746cff9b871a34e240b6440e4bd8faf4b820b6f1 is mtg_craftguide.zh_TW.tr
11-28 16:47:33.081 18229 18333 D Minetest: 2023-11-28 16:47:33: INFO[Main]: Server: ignoring unsupported file extension: "template.txt"
11-28 16:47:33.081 18229 18333 V Minetest: 2023-11-28 16:47:33: VERBOSE[Main]: Server: 87384d4ba1fb32cf388591c938b7db56f468d3c8 is sfinv_crafting_arrow.png
11-28 16:47:33.082 18229 18333 V Minetest: 2023-11-28 16:47:33: VERBOSE[Main]: Server: 600155e7adc415ce2e7cc1489ea45ea529c35730 is sfinv.de.tr
11-28 16:47:33.082 18229 18333 V Minetest: 2023-11-28 16:47:33: VERBOSE[Main]: Server: d7ccaf95ecc8b79b4621b0fa2e788a44f7393094 is sfinv.eo.tr
11-28 16:47:33.082 18229 18333 V Minetest: 2023-11-28 16:47:33: VERBOSE[Main]: Server: 837c9ecb620c897d210e94f3db9619e3bb14be54 is sfinv.es.tr
11-28 16:47:33.082 18229 18333 V Minetest: 2023-11-28 16:47:33: VERBOSE[Main]: Server: d18a49976383c6473fef28a5ce2d3a30a6547217 is sfinv.fr.tr
11-28 16:47:33.082 18229 18333 V Minetest: 2023-11-28 16:47:33: VERBOSE[Main]: Server: 9e138ee51c3c3036af393f042d083d0a28b8fd61 is sfinv.id.tr
11-28 16:47:33.082 18229 18333 V Minetest: 2023-11-28 16:47:33: VERBOSE[Main]: Server: b0ff0311eaca1d22e41ed81684df3849bb6b1e77 is sfinv.it.tr
11-28 16:47:33.082 18229 18333 V Minetest: 2023-11-28 16:47:33: VERBOSE[Main]: Server: 12e76c0429f1d5b0e2e832dae1e1b4bc5092917d is sfinv.ja.tr
11-28 16:47:33.082 18229 18333 V Minetest: 2023-11-28 16:47:33: VERBOSE[Main]: Server: 881ad0fc5f7afeb15ff881443651e7e18e10ead8 is sfinv.jbo.tr
11-28 16:47:33.082 18229 18333 V Minetest: 2023-11-28 16:47:33: VERBOSE[Main]: Server: 457c70dd28040aa9057b3f32f43a71137b218438 is sfinv.ms.tr
11-28 16:47:33.082 18229 18333 V Minetest: 2023-11-28 16:47:33: VERBOSE[Main]: Server: 6ae32c1e3b86368bf16f1b7d6bfc31119ad30f9a is sfinv.pl.tr
11-28 16:47:33.082 18229 18333 V Minetest: 2023-11-28 16:47:33: VERBOSE[Main]: Server: 017b3ee627835ec153df5e3f11e323f700add9cd is sfinv.pt_BR.tr
11-28 16:47:33.082 18229 18333 V Minetest: 2023-11-28 16:47:33: VERBOSE[Main]: Server: 1f17651212350441e556b128c090c207b7289bab is sfinv.ru.tr
11-28 16:47:33.083 18229 18333 V Minetest: 2023-11-28 16:47:33: VERBOSE[Main]: Server: 0a9e44c8ee24d05efa32a1a550949f650f2fd942 is sfinv.sk.tr
11-28 16:47:33.083 18229 18333 V Minetest: 2023-11-28 16:47:33: VERBOSE[Main]: Server: a42af4ab0121b2fc4efbba7f043ca2eac0e18b42 is sfinv.sv.tr
11-28 16:47:33.083 18229 18333 V Minetest: 2023-11-28 16:47:33: VERBOSE[Main]: Server: 1f17651212350441e556b128c090c207b7289bab is sfinv.uk.tr
11-28 16:47:33.083 18229 18333 V Minetest: 2023-11-28 16:47:33: VERBOSE[Main]: Server: d8a6060f52877409816339a5f24f0cfb6dbd9f86 is sfinv.zh_CN.tr
11-28 16:47:33.083 18229 18333 V Minetest: 2023-11-28 16:47:33: VERBOSE[Main]: Server: d8a6060f52877409816339a5f24f0cfb6dbd9f86 is sfinv.zh_TW.tr
11-28 16:47:33.083 18229 18333 D Minetest: 2023-11-28 16:47:33: INFO[Main]: Server: ignoring unsupported file extension: "template.txt"
11-28 16:47:33.083 18229 18333 D Minetest: 2023-11-28 16:47:33: INFO[Main]: Server: 1044 media files collected
11-28 16:47:33.117 18229 18333 D Minetest: 2023-11-28 16:47:33: INFO[Main]: EmergeManager: Created params 0xb400007b401ff240 for thread 0
11-28 16:47:33.117 18229 18333 V Minetest: 2023-11-28 16:47:33: VERBOSE[Main]: ScriptApiEnv: Environment initialized
11-28 16:47:33.117 18229 18333 D Minetest: 2023-11-28 16:47:33: INFO[Main]: SCRIPTAPI: Initializing async engine
11-28 16:47:33.118 18229 18333 D Minetest: 2023-11-28 16:47:33: INFO[Main]: AsyncEngine: using at most 6 threads with automatic scaling
11-28 16:47:33.125 18229 18333 V Minetest: 2023-11-28 16:47:33: VERBOSE[Main]: Loading and running script from /storage/emulated/0/Android/data/net.minetest.minetest/files/Minetest/builtin/init.lua
11-28 16:47:33.130 18229 18333 D Minetest: 2023-11-28 16:47:33: INFO[Main]: Initializing asynchronous environment (game)
11-28 16:47:33.139 18229 18333 D Minetest: 2023-11-28 16:47:33: INFO[Main]: ServerEnvironment: Loading environment metadata
11-28 16:47:33.140 18229 18333 V Minetest: 2023-11-28 16:47:33: VERBOSE[Main]: NodeDefManager: registering content id "438": name="doors:door_glass_b_1"
11-28 16:47:33.140 18229 18333 V Minetest: 2023-11-28 16:47:33: VERBOSE[Main]: NodeDefManager: registering content id "439": name="doors:door_glass_b_2"
11-28 16:47:33.140 18229 18333 V Minetest: 2023-11-28 16:47:33: VERBOSE[Main]: NodeDefManager: registering content id "440": name="doors:door_obsidian_glass_b_1"
11-28 16:47:33.140 18229 18333 V Minetest: 2023-11-28 16:47:33: VERBOSE[Main]: NodeDefManager: registering content id "441": name="doors:door_obsidian_glass_b_2"
11-28 16:47:33.140 18229 18333 V Minetest: 2023-11-28 16:47:33: VERBOSE[Main]: NodeDefManager: registering content id "442": name="doors:door_steel_b_1"
11-28 16:47:33.140 18229 18333 V Minetest: 2023-11-28 16:47:33: VERBOSE[Main]: NodeDefManager: registering content id "443": name="doors:door_steel_b_2"
11-28 16:47:33.141 18229 18333 V Minetest: 2023-11-28 16:47:33: VERBOSE[Main]: NodeDefManager: registering content id "444": name="doors:door_wood_b_1"
11-28 16:47:33.141 18229 18333 V Minetest: 2023-11-28 16:47:33: VERBOSE[Main]: NodeDefManager: registering content id "445": name="doors:door_wood_b_2"
11-28 16:47:33.141 18229 18333 V Minetest: 2023-11-28 16:47:33: VERBOSE[Main]: NodeDefManager: registering content id "446": name="xpanes:door_steel_bar_b_1"
11-28 16:47:33.141 18229 18333 V Minetest: 2023-11-28 16:47:33: VERBOSE[Main]: NodeDefManager: registering content id "447": name="xpanes:door_steel_bar_b_2"
11-28 16:47:33.141 18229 18333 V Minetest: 2023-11-28 16:47:33: VERBOSE[Main]: NodeDefManager: registering content id "448": name="torches:floor"
11-28 16:47:33.141 18229 18333 V Minetest: 2023-11-28 16:47:33: VERBOSE[Main]: NodeDefManager: registering content id "449": name="torches:wall"
11-28 16:47:33.141 18229 18333 D Minetest: 2023-11-28 16:47:33: INFO[Main]: Starting server on 127.0.0.1...
11-28 16:47:33.143 18229 18333 W Minetest: 2023-11-28 16:47:33: ACTION[Main]: World at [/storage/emulated/0/Android/data/net.minetest.minetest/files/Minetest/worlds/world1]
11-28 16:47:33.143 18229 18333 W Minetest: 2023-11-28 16:47:33: ACTION[Main]: Server for gameid="minetest" listening on 127.0.0.1:59530.
11-28 16:47:33.146 18229 18333 D Minetest: 2023-11-28 16:47:33: INFO[Main]: SourceImageCache::getOrLoad(): Loading path "/storage/emulated/0/Android/data/net.minetest.minetest/files/Minetest/textures/base/pack/joystick_off.png"
11-28 16:47:33.156 18229 18333 D Minetest: 2023-11-28 16:47:33: INFO[Main]: SourceImageCache::getOrLoad(): Loading path "/storage/emulated/0/Android/data/net.minetest.minetest/files/Minetest/textures/base/pack/joystick_bg.png"
11-28 16:47:33.163 18229 18333 D Minetest: 2023-11-28 16:47:33: INFO[Main]: SourceImageCache::getOrLoad(): Loading path "/storage/emulated/0/Android/data/net.minetest.minetest/files/Minetest/textures/base/pack/joystick_center.png"
11-28 16:47:33.164 18229 18333 D Minetest: 2023-11-28 16:47:33: INFO[Main]: SourceImageCache::getOrLoad(): Loading path "/storage/emulated/0/Android/data/net.minetest.minetest/files/Minetest/textures/base/pack/jump_btn.png"
11-28 16:47:33.166 18229 18333 D Minetest: 2023-11-28 16:47:33: INFO[Main]: SourceImageCache::getOrLoad(): Loading path "/storage/emulated/0/Android/data/net.minetest.minetest/files/Minetest/textures/base/pack/down.png"
11-28 16:47:33.169 18229 18333 D Minetest: 2023-11-28 16:47:33: INFO[Main]: SourceImageCache::getOrLoad(): Loading path "/storage/emulated/0/Android/data/net.minetest.minetest/files/Minetest/textures/base/pack/zoom.png"
11-28 16:47:33.171 18229 18333 D Minetest: 2023-11-28 16:47:33: INFO[Main]: SourceImageCache::getOrLoad(): Loading path "/storage/emulated/0/Android/data/net.minetest.minetest/files/Minetest/textures/base/pack/aux1_btn.png"
11-28 16:47:33.172 18229 18333 D Minetest: 2023-11-28 16:47:33: INFO[Main]: SourceImageCache::getOrLoad(): Loading path "/storage/emulated/0/Android/data/net.minetest.minetest/files/Minetest/textures/base/pack/gear_icon.png"
11-28 16:47:33.173 18229 18333 D Minetest: 2023-11-28 16:47:33: INFO[Main]: SourceImageCache::getOrLoad(): Loading path "/storage/emulated/0/Android/data/net.minetest.minetest/files/Minetest/textures/base/pack/fly_btn.png"
11-28 16:47:33.174 18229 18333 D Minetest: 2023-11-28 16:47:33: INFO[Main]: SourceImageCache::getOrLoad(): Loading path "/storage/emulated/0/Android/data/net.minetest.minetest/files/Minetest/textures/base/pack/noclip_btn.png"
11-28 16:47:33.175 18229 18333 D Minetest: 2023-11-28 16:47:33: INFO[Main]: SourceImageCache::getOrLoad(): Loading path "/storage/emulated/0/Android/data/net.minetest.minetest/files/Minetest/textures/base/pack/fast_btn.png"
11-28 16:47:33.177 18229 18333 D Minetest: 2023-11-28 16:47:33: INFO[Main]: SourceImageCache::getOrLoad(): Loading path "/storage/emulated/0/Android/data/net.minetest.minetest/files/Minetest/textures/base/pack/debug_btn.png"
11-28 16:47:33.178 18229 18333 D Minetest: 2023-11-28 16:47:33: INFO[Main]: SourceImageCache::getOrLoad(): Loading path "/storage/emulated/0/Android/data/net.minetest.minetest/files/Minetest/textures/base/pack/camera_btn.png"
11-28 16:47:33.180 18229 18333 D Minetest: 2023-11-28 16:47:33: INFO[Main]: SourceImageCache::getOrLoad(): Loading path "/storage/emulated/0/Android/data/net.minetest.minetest/files/Minetest/textures/base/pack/rangeview_btn.png"
11-28 16:47:33.182 18229 18333 D Minetest: 2023-11-28 16:47:33: INFO[Main]: SourceImageCache::getOrLoad(): Loading path "/storage/emulated/0/Android/data/net.minetest.minetest/files/Minetest/textures/base/pack/minimap_btn.png"
11-28 16:47:33.183 18229 18333 D Minetest: 2023-11-28 16:47:33: INFO[Main]: SourceImageCache::getOrLoad(): Loading path "/storage/emulated/0/Android/data/net.minetest.minetest/files/Minetest/textures/base/pack/chat_hide_btn.png"
11-28 16:47:33.184 18229 18333 D Minetest: 2023-11-28 16:47:33: INFO[Main]: SourceImageCache::getOrLoad(): Loading path "/storage/emulated/0/Android/data/net.minetest.minetest/files/Minetest/textures/base/pack/rare_controls.png"
11-28 16:47:33.185 18229 18333 D Minetest: 2023-11-28 16:47:33: INFO[Main]: SourceImageCache::getOrLoad(): Loading path "/storage/emulated/0/Android/data/net.minetest.minetest/files/Minetest/textures/base/pack/chat_btn.png"
11-28 16:47:33.187 18229 18333 D Minetest: 2023-11-28 16:47:33: INFO[Main]: SourceImageCache::getOrLoad(): Loading path "/storage/emulated/0/Android/data/net.minetest.minetest/files/Minetest/textures/base/pack/inventory_btn.png"
11-28 16:47:33.188 18229 18333 D Minetest: 2023-11-28 16:47:33: INFO[Main]: SourceImageCache::getOrLoad(): Loading path "/storage/emulated/0/Android/data/net.minetest.minetest/files/Minetest/textures/base/pack/drop_btn.png"
11-28 16:47:33.189 18229 18333 D Minetest: 2023-11-28 16:47:33: INFO[Main]: SourceImageCache::getOrLoad(): Loading path "/storage/emulated/0/Android/data/net.minetest.minetest/files/Minetest/textures/base/pack/exit_btn.png"
11-28 16:47:33.193 18229 18333 D Minetest: 2023-11-28 16:47:33: INFO[Main]: MeshUpdateManager: using 2 threads
11-28 16:47:33.198 18229 18333 D Minetest: 2023-11-28 16:47:33: INFO[Main]: SourceImageCache::getOrLoad(): Loading path "/storage/emulated/0/Android/data/net.minetest.minetest/files/Minetest/textures/base/pack/minimap_mask_round.png"
11-28 16:47:33.206 18229 18333 D Minetest: 2023-11-28 16:47:33: INFO[Main]: SourceImageCache::getOrLoad(): Loading path "/storage/emulated/0/Android/data/net.minetest.minetest/files/Minetest/textures/base/pack/minimap_overlay_round.png"
11-28 16:47:33.214 18229 18333 D Minetest: 2023-11-28 16:47:33: INFO[Main]: SourceImageCache::getOrLoad(): Loading path "/storage/emulated/0/Android/data/net.minetest.minetest/files/Minetest/textures/base/pack/minimap_mask_square.png"
11-28 16:47:33.221 18229 18333 D Minetest: 2023-11-28 16:47:33: INFO[Main]: SourceImageCache::getOrLoad(): Loading path "/storage/emulated/0/Android/data/net.minetest.minetest/files/Minetest/textures/base/pack/minimap_overlay_square.png"
11-28 16:47:33.229 18229 18333 D Minetest: 2023-11-28 16:47:33: INFO[Main]: SourceImageCache::getOrLoad(): Loading path "/storage/emulated/0/Android/data/net.minetest.minetest/files/Minetest/textures/base/pack/player_marker.png"
11-28 16:47:33.237 18229 18333 D Minetest: 2023-11-28 16:47:33: INFO[Main]: SourceImageCache::getOrLoad(): Loading path "/storage/emulated/0/Android/data/net.minetest.minetest/files/Minetest/textures/base/pack/object_marker_red.png"
11-28 16:47:33.239 18229 18333 D Minetest: 2023-11-28 16:47:33: INFO[Main]: Connecting to server at 127.0.0.1:59530
11-28 16:47:33.239 18229 18333 D Minetest: 2023-11-28 16:47:33: INFO[Main]: TouchScreenGUI::translateEvent got event but is not visible!
11-28 16:47:33.239 18229 18333 D Minetest: 2023-11-28 16:47:33: INFO[Main]: TouchScreenGUI::translateEvent got event but is not visible!
11-28 16:47:33.239 18229 18333 D Minetest: 2023-11-28 16:47:33: INFO[Main]: TouchScreenGUI::translateEvent got event but is not visible!
11-28 16:47:33.239 18229 18333 D Minetest: 2023-11-28 16:47:33: INFO[Main]: TouchScreenGUI::translateEvent got event but is not visible!
11-28 16:47:33.239 18229 18333 D Minetest: 2023-11-28 16:47:33: INFO[Main]: TouchScreenGUI::translateEvent got event but is not visible!
11-28 16:47:33.239 18229 18333 D Minetest: 2023-11-28 16:47:33: INFO[Main]: TouchScreenGUI::translateEvent got event but is not visible!
11-28 16:47:33.239 18229 18333 D Minetest: 2023-11-28 16:47:33: INFO[Main]: TouchScreenGUI::translateEvent got event but is not visible!
11-28 16:47:33.241 18229 18951 V Minetest: 2023-11-28 16:47:33: VERBOSE[Server]: Server::peerAdded(): peer->id=2
11-28 16:47:33.289 18229 18333 D Minetest: 2023-11-28 16:47:33: INFO[Main]: Client::peerAdded(): peer->id=1
11-28 16:47:33.289 18229 18333 D Minetest: 2023-11-28 16:47:33: INFO[Main]: Client packetcounter (30s): sum=0 avg=0/s
11-28 16:47:33.305 18229 18951 V Minetest: 2023-11-28 16:47:33: VERBOSE[Server]: Server: Handling peer change: id=2, timeout=0
11-28 16:47:33.343 18229 18951 V Minetest: 2023-11-28 16:47:33: VERBOSE[Server]: Server: Got TOSERVER_INIT from 127.0.0.1 (peer_id=2)
11-28 16:47:33.343 18229 18951 V Minetest: 2023-11-28 16:47:33: VERBOSE[Server]: Server: 127.0.0.1: Protocol version: min: 37, max: 43, chosen: 43
11-28 16:47:33.345 18229 18951 D Minetest: 2023-11-28 16:47:33: INFO[Server]: Server: New connection: "singleplayer" from 127.0.0.1 (peer_id=2)
11-28 16:47:33.345 18229 18951 V Minetest: 2023-11-28 16:47:33: VERBOSE[Server]: Sending TOCLIENT_HELLO with auth method field: 2
11-28 16:47:33.389 18229 18333 D Minetest: 2023-11-28 16:47:33: INFO[Main]: Client: TOCLIENT_HELLO received with serialization_ver=29, auth_mechs=2, proto_ver=43, compression_mode=0. Doing auth with mech 2
11-28 16:47:33.407 18229 18333 D Minetest: 2023-11-28 16:47:33: INFO[Main]: Client::ReceiveAll(): Packet processing budget exceeded.
11-28 16:47:33.410 18229 18951 D Minetest: 2023-11-28 16:47:33: INFO[Server]: Server: TOSERVER_SRP_BYTES_A received with based_on=1 and len_A=256.
11-28 16:47:33.429  1920  3802 V WindowManager: Changing focus from Window{dde5867 u0 net.minetest.minetest/net.minetest.minetest.GameActivity} to Window{4a73aff u0 com.android.launcher/com.android.launcher.Launcher},diplayid=0
11-28 16:47:33.438  1920  3802 I OplusHansManager : front pkg: com.android.launcher, uid: 10172, prev pkg: net.minetest.minetest, prev uid: 10386
11-28 16:47:33.439  1920  3010 I Osense-DecisionMaker: notifySceneToAthenaPolicy: SCENE_LAUNCHER, bundle: Bundle[{prevPkgName=net.minetest.minetest, curUid=10172, curPkgName=com.android.launcher, prevUid=10386}]
11-28 16:47:33.439  1920  3417 I OplusResourcePreloadManager: resume pkg: com.android.launcher, uid:10172, prev pkg: net.minetest.minetest, prev uid: 10386
11-28 16:47:33.443  1920  3354 I OplusHansManager : uid=10386, pkg=net.minetest.minetest enter SM
11-28 16:47:33.443  1920  3354 I OplusHansManager : uid=10386, pkg=net.minetest.minetest R enter(), D stay=35
11-28 16:47:33.455  1920  3802 V OplusZoomWindowManagerService: onAnimationFinished:  r = ActivityRecord{dafde36 u0 net.minetest.minetest/.GameActivity} t415}
11-28 16:47:33.464  1920  2712 D OplusAppListInterceptManager: shouldFilterTask::packageName = net.minetest.minetest
11-28 16:47:33.465  1920  3677 D OplusAppSwitchListener: Detect net.minetest.minetest switch to background
11-28 16:47:33.465  1920  3677 D OplusEapManager: mTargetExitName :net.minetest.minetest
11-28 16:47:33.465  1920  3677 V DCSEX-AppSwitchManager: OnAppSwitchObserver: onAppExit, resuming = com.android.launcher, target = net.minetest.minetest, is ResumingFirstStart =  false, is ResumingMultiApp =  false, extensionInfo =  Bundle[{taskId=194, uid=10172}]
11-28 16:47:33.466  1920  3677 D VRR [OPlusFrontAppManager]: OnAppSwitchObserver: onAppExit , info.targetName = net.minetest.minetest
11-28 16:47:33.467  1920  3169 D OplusAppListInterceptManager: shouldFilterTask::packageName = net.minetest.minetest
11-28 16:47:33.469  1920  9937 D DCSEX-AppLaunchEventRecorder: onAppSwitch from = net.minetest.minetest to = com.android.launcher
11-28 16:47:33.469  1920  9937 D DCSEX-AppLaunchEventRecorder: recordExitApp = net.minetest.minetest
11-28 16:47:33.469  1920  2462 D VRR [OPlusExternalRefreshRateManager]: setFrontPackageName pkgName: com.android.launcher CurPkgName: net.minetest.minetest
11-28 16:47:33.475  3504  5707 I Athena  : AthenaDynamicReceiver: pre_app:net.minetest.minetest, next_app:com.android.launcher(10172|3603)
11-28 16:47:33.490 18229 18333 D Minetest: 2023-11-28 16:47:33: INFO[Main]: Client: Received TOCLIENT_SRP_BYTES_S_B.
11-28 16:47:33.567 18229 18333 D Minetest: 2023-11-28 16:47:33: INFO[Main]: Client::ReceiveAll(): Packet processing budget exceeded.
11-28 16:47:33.568 18229 18951 V Minetest: 2023-11-28 16:47:33: VERBOSE[Server]: Server: Received TOSERVER_SRP_BYTES_M.
11-28 16:47:33.618 18229 18333 D Minetest: 2023-11-28 16:47:33: INFO[Main]: Client: received map seed: 7565210942130945258
11-28 16:47:33.618 18229 18333 D Minetest: 2023-11-28 16:47:33: INFO[Main]: Client: received recommended send interval 0.09
11-28 16:47:33.620 18229 18951 V Minetest: 2023-11-28 16:47:33: VERBOSE[Server]: Server: Got TOSERVER_INIT2 from 2
11-28 16:47:33.620 18229 18951 D Minetest: 2023-11-28 16:47:33: INFO[Server]: Server: Sending content to [id=2]
11-28 16:47:33.621  1920  2100 V WindowManager: Relayout Window{dde5867 u0 net.minetest.minetest/net.minetest.minetest.GameActivity}: viewVisibility=8, oldvis=0, req=2412x1080
11-28 16:47:33.662 18229 18951 V Minetest: 2023-11-28 16:47:33: VERBOSE[Server]: Server: Sending item definitions to id(2): size=16136
11-28 16:47:33.719  6170  6170 I GoogleInputMethodService: GoogleInputMethodService.onStartInput():1883 onStartInput(EditorInfo{EditorInfo{packageName=net.minetest.minetest, inputType=0, inputTypeString=NULL, enableLearning=false, autoCorrection=false, autoComplete=false, imeOptions=0, privateImeOptions=null, actionName=UNSPECIFIED, actionLabel=null, initialSelStart=-1, initialSelEnd=-1, initialCapsMode=0, label=null, fieldId=-1, fieldName=null, extras=Bundle[{com.oplus.im.SCENES=0}], hintText=null, hintLocales=[]}}, true)
11-28 16:47:33.719 18229 18333 D Minetest: 2023-11-28 16:47:33: INFO[Main]: Client: Received item definitions: packet size: 16136
11-28 16:47:33.732  1920  5701 D OplusUIFirst_FB: net.minetest.minetest moveToBack 18229
11-28 16:47:33.776 18229 18333 D Minetest: 2023-11-28 16:47:33: INFO[Main]: Client::ReceiveAll(): Packet processing budget exceeded.
11-28 16:47:33.779 18229 18951 V Minetest: 2023-11-28 16:47:33: VERBOSE[Server]: Server: Sending node definitions to id(2): size=15163
11-28 16:47:33.790 18229 18951 V Minetest: 2023-11-28 16:47:33: VERBOSE[Server]: Server: Announcing files to id(2): count=597 size=31966
11-28 16:47:33.868  7305  7480 I GameOpt->OplusGameManager: setScreenMode, decisionScreenMode ->screen_refresh_rate, pkgName ->net.minetest.minetest, screenModeType ->2, mode ->0
11-28 16:47:33.879  1210  1210 D Layer   : reparent to null sequence=20648, seq[7], name=net.minetest.minetest/net.minetest.minetest.GameActivity#20648
11-28 16:47:33.879  1210  1210 D OplusLayer: ~Layer() sequence=20648, name=net.minetest.minetest/net.minetest.minetest.GameActivity#20648
11-28 16:47:33.880  4247  4294 W oiface  : recved frame stats, layer(net.minetest.minetest/net.minetest.minetest.GameActivity)
11-28 16:47:33.882 18229 18333 D Minetest: 2023-11-28 16:47:33: INFO[Main]: Client: Received node definitions: packet size: 15163
11-28 16:47:33.894  1920  5677 D VRR [OPlusRefreshRateService]:  setFrameRateTargetControl [ -1.0 , net.minetest.minetest , false , com.oplus.cosa ]
11-28 16:47:33.894  1920  5677 D VRR [OPlusExternalRefreshRateManager]:  [FRTC] FrameRate : -1 net.minetest.minetest false com.oplus.cosa 7305 10145
11-28 16:47:33.894  1920  2462 D VRR [OPlusSurfaceFlingerController]:  add frtc FrameRate : -1 net.minetest.minetest false com.oplus.cosa
11-28 16:47:33.894  1210  1364 I VRR [FRTC]: setFrameRateTarget with [-1, net.minetest.minetest, 0, com.oplus.cosa, 1, 7305, 10145]
11-28 16:47:33.894  1210  1364 W VRR [FRTC]: invalid param { fps -1, proc_name net.minetest.minetest, strict_mode 0, description com.oplus.cosa, proc_id 0, rate_status 0, backend Surface, version 1, pid 7305, uid 10145, enable at 2023-11-28 16:47:33, disable waiting } for current status.
11-28 16:47:33.911 18229 18929 V Minetest: 2023-11-28 16:47:33: VERBOSE[ConnectionSend]: con(5/1)RE-SENDING timed-out RELIABLE to 127.0.0.1(t/o=0.1): count=1, channel=0, seqnum=47
11-28 16:47:33.912 18229 18929 V Minetest: 2023-11-28 16:47:33: VERBOSE[ConnectionSend]: con(5/1)RE-SENDING timed-out RELIABLE to 127.0.0.1(t/o=0.1): count=1, channel=0, seqnum=48
11-28 16:47:33.912 18229 18929 V Minetest: 2023-11-28 16:47:33: VERBOSE[ConnectionSend]: con(5/1)RE-SENDING timed-out RELIABLE to 127.0.0.1(t/o=0.1): count=1, channel=0, seqnum=49
11-28 16:47:33.914 18229 18929 V Minetest: 2023-11-28 16:47:33: VERBOSE[ConnectionSend]: con(5/1)RE-SENDING timed-out RELIABLE to 127.0.0.1(t/o=0.1): count=1, channel=0, seqnum=50
11-28 16:47:33.915 18229 18929 V Minetest: 2023-11-28 16:47:33: VERBOSE[ConnectionSend]: con(5/1)RE-SENDING timed-out RELIABLE to 127.0.0.1(t/o=0.1): count=1, channel=0, seqnum=51
11-28 16:47:33.915 18229 18929 V Minetest: 2023-11-28 16:47:33: VERBOSE[ConnectionSend]: con(5/1)RE-SENDING timed-out RELIABLE to 127.0.0.1(t/o=0.1): count=1, channel=0, seqnum=52
11-28 16:47:33.915 18229 18929 V Minetest: 2023-11-28 16:47:33: VERBOSE[ConnectionSend]: con(5/1)RE-SENDING timed-out RELIABLE to 127.0.0.1(t/o=0.1): count=1, channel=0, seqnum=53
11-28 16:47:33.916 18229 18929 V Minetest: 2023-11-28 16:47:33: VERBOSE[ConnectionSend]: con(5/1)RE-SENDING timed-out RELIABLE to 127.0.0.1(t/o=0.1): count=1, channel=0, seqnum=54
11-28 16:47:33.916 18229 18929 V Minetest: 2023-11-28 16:47:33: VERBOSE[ConnectionSend]: con(5/1)RE-SENDING timed-out RELIABLE to 127.0.0.1(t/o=0.1): count=1, channel=0, seqnum=55
11-28 16:47:33.917 18229 18929 V Minetest: 2023-11-28 16:47:33: VERBOSE[ConnectionSend]: con(5/1)RE-SENDING timed-out RELIABLE to 127.0.0.1(t/o=0.1): count=1, channel=0, seqnum=56
11-28 16:47:33.917 18229 18929 V Minetest: 2023-11-28 16:47:33: VERBOSE[ConnectionSend]: con(5/1)RE-SENDING timed-out RELIABLE to 127.0.0.1(t/o=0.1): count=1, channel=0, seqnum=57
11-28 16:47:33.917 18229 18929 V Minetest: 2023-11-28 16:47:33: VERBOSE[ConnectionSend]: con(5/1)RE-SENDING timed-out RELIABLE to 127.0.0.1(t/o=0.1): count=1, channel=0, seqnum=58
11-28 16:47:33.918 18229 18929 V Minetest: 2023-11-28 16:47:33: VERBOSE[ConnectionSend]: con(5/1)RE-SENDING timed-out RELIABLE to 127.0.0.1(t/o=0.1): count=1, channel=0, seqnum=59
11-28 16:47:33.918 18229 18929 V Minetest: 2023-11-28 16:47:33: VERBOSE[ConnectionSend]: con(5/1)RE-SENDING timed-out RELIABLE to 127.0.0.1(t/o=0.1): count=1, channel=0, seqnum=60
11-28 16:47:33.918 18229 18929 V Minetest: 2023-11-28 16:47:33: VERBOSE[ConnectionSend]: con(5/1)RE-SENDING timed-out RELIABLE to 127.0.0.1(t/o=0.1): count=1, channel=0, seqnum=61
11-28 16:47:33.919 18229 18929 V Minetest: 2023-11-28 16:47:33: VERBOSE[ConnectionSend]: con(5/1)RE-SENDING timed-out RELIABLE to 127.0.0.1(t/o=0.1): count=1, channel=0, seqnum=62
11-28 16:47:33.919 18229 18929 V Minetest: 2023-11-28 16:47:33: VERBOSE[ConnectionSend]: con(5/1)RE-SENDING timed-out RELIABLE to 127.0.0.1(t/o=0.1): count=1, channel=0, seqnum=63
11-28 16:47:33.919 18229 18929 V Minetest: 2023-11-28 16:47:33: VERBOSE[ConnectionSend]: con(5/1)RE-SENDING timed-out RELIABLE to 127.0.0.1(t/o=0.1): count=1, channel=0, seqnum=64
11-28 16:47:33.919 18229 18929 V Minetest: 2023-11-28 16:47:33: VERBOSE[ConnectionSend]: con(5/1)RE-SENDING timed-out RELIABLE to 127.0.0.1(t/o=0.1): count=1, channel=0, seqnum=65
11-28 16:47:33.920 18229 18929 V Minetest: 2023-11-28 16:47:33: VERBOSE[ConnectionSend]: con(5/1)RE-SENDING timed-out RELIABLE to 127.0.0.1(t/o=0.1): count=1, channel=0, seqnum=66
11-28 16:47:33.920 18229 18929 V Minetest: 2023-11-28 16:47:33: VERBOSE[ConnectionSend]: con(5/1)RE-SENDING timed-out RELIABLE to 127.0.0.1(t/o=0.1): count=1, channel=0, seqnum=67
11-28 16:47:33.920 18229 18929 V Minetest: 2023-11-28 16:47:33: VERBOSE[ConnectionSend]: con(5/1)RE-SENDING timed-out RELIABLE to 127.0.0.1(t/o=0.1): count=1, channel=0, seqnum=68
11-28 16:47:33.922 18229 18929 V Minetest: 2023-11-28 16:47:33: VERBOSE[ConnectionSend]: con(5/1)RE-SENDING timed-out RELIABLE to 127.0.0.1(t/o=0.1): count=1, channel=0, seqnum=69
11-28 16:47:33.923 18229 18929 V Minetest: 2023-11-28 16:47:33: VERBOSE[ConnectionSend]: con(5/1)RE-SENDING timed-out RELIABLE to 127.0.0.1(t/o=0.1): count=1, channel=0, seqnum=70
11-28 16:47:33.923 18229 18929 V Minetest: 2023-11-28 16:47:33: VERBOSE[ConnectionSend]: con(5/1)RE-SENDING timed-out RELIABLE to 127.0.0.1(t/o=0.1): count=1, channel=0, seqnum=71
11-28 16:47:33.923 18229 18929 V Minetest: 2023-11-28 16:47:33: VERBOSE[ConnectionSend]: con(5/1)RE-SENDING timed-out RELIABLE to 127.0.0.1(t/o=0.1): count=1, channel=0, seqnum=72
11-28 16:47:33.924 18229 18929 V Minetest: 2023-11-28 16:47:33: VERBOSE[ConnectionSend]: con(5/1)RE-SENDING timed-out RELIABLE to 127.0.0.1(t/o=0.1): count=1, channel=0, seqnum=73
11-28 16:47:33.924 18229 18929 V Minetest: 2023-11-28 16:47:33: VERBOSE[ConnectionSend]: con(5/1)RE-SENDING timed-out RELIABLE to 127.0.0.1(t/o=0.1): count=1, channel=0, seqnum=74
11-28 16:47:33.924 18229 18929 V Minetest: 2023-11-28 16:47:33: VERBOSE[ConnectionSend]: con(5/1)RE-SENDING timed-out RELIABLE to 127.0.0.1(t/o=0.1): count=1, channel=0, seqnum=75
11-28 16:47:33.925 18229 18929 V Minetest: 2023-11-28 16:47:33: VERBOSE[ConnectionSend]: con(5/1)RE-SENDING timed-out RELIABLE to 127.0.0.1(t/o=0.1): count=1, channel=0, seqnum=76
11-28 16:47:33.925 18229 18929 V Minetest: 2023-11-28 16:47:33: VERBOSE[ConnectionSend]: con(5/1)RE-SENDING timed-out RELIABLE to 127.0.0.1(t/o=0.1): count=1, channel=0, seqnum=77
11-28 16:47:33.925 18229 18929 V Minetest: 2023-11-28 16:47:33: VERBOSE[ConnectionSend]: con(5/1)RE-SENDING timed-out RELIABLE to 127.0.0.1(t/o=0.1): count=1, channel=0, seqnum=78
11-28 16:47:33.926 18229 18929 V Minetest: 2023-11-28 16:47:33: VERBOSE[ConnectionSend]: con(5/1)RE-SENDING timed-out RELIABLE to 127.0.0.1(t/o=0.1): count=1, channel=0, seqnum=79
11-28 16:47:33.926 18229 18929 V Minetest: 2023-11-28 16:47:33: VERBOSE[ConnectionSend]: con(5/1)RE-SENDING timed-out RELIABLE to 127.0.0.1(t/o=0.1): count=1, channel=0, seqnum=80
11-28 16:47:33.927 18229 18929 V Minetest: 2023-11-28 16:47:33: VERBOSE[ConnectionSend]: con(5/1)RE-SENDING timed-out RELIABLE to 127.0.0.1(t/o=0.1): count=1, channel=0, seqnum=81
11-28 16:47:33.927 18229 18929 V Minetest: 2023-11-28 16:47:33: VERBOSE[ConnectionSend]: con(5/1)RE-SENDING timed-out RELIABLE to 127.0.0.1(t/o=0.1): count=1, channel=0, seqnum=82
11-28 16:47:33.928 18229 18929 V Minetest: 2023-11-28 16:47:33: VERBOSE[ConnectionSend]: con(5/1)RE-SENDING timed-out RELIABLE to 127.0.0.1(t/o=0.1): count=1, channel=0, seqnum=83
11-28 16:47:33.928 18229 18929 V Minetest: 2023-11-28 16:47:33: VERBOSE[ConnectionSend]: con(5/1)RE-SENDING timed-out RELIABLE to 127.0.0.1(t/o=0.1): count=1, channel=0, seqnum=84
11-28 16:47:33.933 18229 18929 V Minetest: 2023-11-28 16:47:33: VERBOSE[ConnectionSend]: con(5/1)RE-SENDING timed-out RELIABLE to 127.0.0.1(t/o=0.1): count=1, channel=0, seqnum=85
11-28 16:47:33.935 18229 18929 V Minetest: 2023-11-28 16:47:33: VERBOSE[ConnectionSend]: con(5/1)RE-SENDING timed-out RELIABLE to 127.0.0.1(t/o=0.1): count=1, channel=0, seqnum=86
11-28 16:47:33.935 18229 18929 V Minetest: 2023-11-28 16:47:33: VERBOSE[ConnectionSend]: con(5/1)RE-SENDING timed-out RELIABLE to 127.0.0.1(t/o=0.1): count=1, channel=0, seqnum=87
11-28 16:47:33.937 18229 18929 V Minetest: 2023-11-28 16:47:33: VERBOSE[ConnectionSend]: con(5/1)RE-SENDING timed-out RELIABLE to 127.0.0.1(t/o=0.1): count=1, channel=0, seqnum=88
11-28 16:47:33.937 18229 18929 V Minetest: 2023-11-28 16:47:33: VERBOSE[ConnectionSend]: con(5/1)RE-SENDING timed-out RELIABLE to 127.0.0.1(t/o=0.1): count=1, channel=0, seqnum=89
11-28 16:47:33.938 18229 18929 V Minetest: 2023-11-28 16:47:33: VERBOSE[ConnectionSend]: con(5/1)RE-SENDING timed-out RELIABLE to 127.0.0.1(t/o=0.1): count=1, channel=0, seqnum=90
11-28 16:47:33.938 18229 18929 V Minetest: 2023-11-28 16:47:33: VERBOSE[ConnectionSend]: con(5/1)RE-SENDING timed-out RELIABLE to 127.0.0.1(t/o=0.1): count=1, channel=0, seqnum=91
11-28 16:47:33.938 18229 18929 V Minetest: 2023-11-28 16:47:33: VERBOSE[ConnectionSend]: con(5/1)RE-SENDING timed-out RELIABLE to 127.0.0.1(t/o=0.1): count=1, channel=0, seqnum=92
11-28 16:47:33.939 18229 18929 V Minetest: 2023-11-28 16:47:33: VERBOSE[ConnectionSend]: con(5/1)RE-SENDING timed-out RELIABLE to 127.0.0.1(t/o=0.1): count=1, channel=0, seqnum=93
11-28 16:47:33.939 18229 18929 V Minetest: 2023-11-28 16:47:33: VERBOSE[ConnectionSend]: con(5/1)RE-SENDING timed-out RELIABLE to 127.0.0.1(t/o=0.1): count=1, channel=0, seqnum=94
11-28 16:47:33.939 18229 18929 V Minetest: 2023-11-28 16:47:33: VERBOSE[ConnectionSend]: con(5/1)RE-SENDING timed-out RELIABLE to 127.0.0.1(t/o=0.1): count=1, channel=0, seqnum=95
11-28 16:47:33.940 18229 18929 V Minetest: 2023-11-28 16:47:33: VERBOSE[ConnectionSend]: con(5/1)RE-SENDING timed-out RELIABLE to 127.0.0.1(t/o=0.1): count=1, channel=0, seqnum=96
11-28 16:47:33.940 18229 18929 V Minetest: 2023-11-28 16:47:33: VERBOSE[ConnectionSend]: con(5/1)RE-SENDING timed-out RELIABLE to 127.0.0.1(t/o=0.1): count=1, channel=0, seqnum=97
11-28 16:47:33.940 18229 18929 V Minetest: 2023-11-28 16:47:33: VERBOSE[ConnectionSend]: con(5/1)RE-SENDING timed-out RELIABLE to 127.0.0.1(t/o=0.1): count=1, channel=0, seqnum=98
11-28 16:47:33.945  1920  6475 D OplusAppListInterceptManager: shouldFilterTask::packageName = net.minetest.minetest
11-28 16:47:33.947 18229 18929 V Minetest: 2023-11-28 16:47:33: VERBOSE[ConnectionSend]: con(5/1)RE-SENDING timed-out RELIABLE to 127.0.0.1(t/o=0.1): count=1, channel=0, seqnum=99
11-28 16:47:33.947 18229 18929 V Minetest: 2023-11-28 16:47:33: VERBOSE[ConnectionSend]: con(5/1)RE-SENDING timed-out RELIABLE to 127.0.0.1(t/o=0.1): count=1, channel=0, seqnum=100
11-28 16:47:33.971 12595 12595 W FrameInsert: getDisplayFunctionCapability for net.minetest.minetest enter
11-28 16:47:33.998  1920  3802 D OplusWifiService: Get notifyGameModeState: state = false pkgName = net.minetest.minetest
11-28 16:47:33.999  1920  3802 D OplusWifiCoexManager: setGameModeState: gameStateIn=false pkgName=net.minetest.minetest uid=10386
11-28 16:47:34.000 30516 30627 I Quality : 17001301:18229 net.minetest.minetest GAME_PAUSE
11-28 16:47:34.001  1920  5227 D OplusWifiService: notifyGameInfoJsonStr: gameInfo = {"PKG_NAME":"net.minetest.minetest","APP_BACKGROUND":true}
11-28 16:47:34.015 18229 18333 D Minetest: 2023-11-28 16:47:34: INFO[Main]: Client::ReceiveAll(): Packet processing budget exceeded.
11-28 16:47:34.060 18229 18930 V Minetest: 2023-11-28 16:47:34: VERBOSE[ConnectionReceive]: con(5/1)WARNING: ACKed packet not in outgoing queue seqnum=47
11-28 16:47:34.063 18229 18930 V Minetest: 2023-11-28 16:47:34: VERBOSE[ConnectionReceive]: con(5/1)WARNING: ACKed packet not in outgoing queue seqnum=48
11-28 16:47:34.066 18229 18930 V Minetest: 2023-11-28 16:47:34: VERBOSE[ConnectionReceive]: con(5/1)WARNING: ACKed packet not in outgoing queue seqnum=49
11-28 16:47:34.068 18229 18930 V Minetest: 2023-11-28 16:47:34: VERBOSE[ConnectionReceive]: con(5/1)WARNING: ACKed packet not in outgoing queue seqnum=50
11-28 16:47:34.069 18229 18333 D Minetest: 2023-11-28 16:47:34: INFO[Main]: Client: Received media announcement: packet size: 31966
11-28 16:47:34.071 18229 18930 V Minetest: 2023-11-28 16:47:34: VERBOSE[ConnectionReceive]: con(5/1)WARNING: ACKed packet not in outgoing queue seqnum=51
11-28 16:47:34.074 18229 18930 V Minetest: 2023-11-28 16:47:34: VERBOSE[ConnectionReceive]: con(5/1)WARNING: ACKed packet not in outgoing queue seqnum=52
11-28 16:47:34.078 18229 18930 V Minetest: 2023-11-28 16:47:34: VERBOSE[ConnectionReceive]: con(5/1)WARNING: ACKed packet not in outgoing queue seqnum=53
11-28 16:47:34.080 18229 18930 V Minetest: 2023-11-28 16:47:34: VERBOSE[ConnectionReceive]: con(5/1)WARNING: ACKed packet not in outgoing queue seqnum=54
11-28 16:47:34.084 18229 18930 V Minetest: 2023-11-28 16:47:34: VERBOSE[ConnectionReceive]: con(5/1)WARNING: ACKed packet not in outgoing queue seqnum=55
11-28 16:47:34.090 18229 18930 V Minetest: 2023-11-28 16:47:34: VERBOSE[ConnectionReceive]: con(5/1)WARNING: ACKed packet not in outgoing queue seqnum=56
11-28 16:47:34.093 18229 18930 V Minetest: 2023-11-28 16:47:34: VERBOSE[ConnectionReceive]: con(5/1)WARNING: ACKed packet not in outgoing queue seqnum=57
11-28 16:47:34.103 18229 18930 V Minetest: 2023-11-28 16:47:34: VERBOSE[ConnectionReceive]: con(5/1)WARNING: ACKed packet not in outgoing queue seqnum=58
11-28 16:47:34.106 18229 18930 V Minetest: 2023-11-28 16:47:34: VERBOSE[ConnectionReceive]: con(5/1)WARNING: ACKed packet not in outgoing queue seqnum=59
11-28 16:47:34.107 18229 18930 V Minetest: 2023-11-28 16:47:34: VERBOSE[ConnectionReceive]: con(5/1)WARNING: ACKed packet not in outgoing queue seqnum=60
11-28 16:47:34.107 18229 18333 V Minetest: 2023-11-28 16:47:34: VERBOSE[Main]: Client: Loaded cached media: f3c27b198cc323c7073d1d92466939b279aed43b "__builtin.de.tr"
11-28 16:47:34.109 18229 18333 V Minetest: 2023-11-28 16:47:34: VERBOSE[Main]: Client: Loaded cached media: 0126118a3464063cb47acb709a284fd046d65609 "beds.de.tr"
11-28 16:47:34.110 18229 18333 V Minetest: 2023-11-28 16:47:34: VERBOSE[Main]: Client: Loaded cached media: aa13c1799253722b4e5c6050059bf0d0ac58a28c "beds_bed.png"
11-28 16:47:34.111 18229 18333 V Minetest: 2023-11-28 16:47:34: VERBOSE[Main]: Client: Loaded cached media: 5b829f73bf31d8d0ea90567235188fa81e0c4aee "beds_bed_fancy.png"
11-28 16:47:34.112 18229 18333 V Minetest: 2023-11-28 16:47:34: VERBOSE[Main]: Client: Loaded cached media: 6ab5edd6596554ac9e79dc2620249e2effa96a10 "beds_bed_foot.png"
11-28 16:47:34.112 18229 18930 V Minetest: 2023-11-28 16:47:34: VERBOSE[ConnectionReceive]: con(5/1)WARNING: ACKed packet not in outgoing queue seqnum=61
11-28 16:47:34.114 18229 18333 V Minetest: 2023-11-28 16:47:34: VERBOSE[Main]: Client: Loaded cached media: 654464f5a4f36cddad684a29ec7b97a28ddadcc8 "beds_bed_head.png"
11-28 16:47:34.115 18229 18333 V Minetest: 2023-11-28 16:47:34: VERBOSE[Main]: Client: Loaded cached media: 5172f2750d9c4b1f8f0d2eaa74c4e9013fed48de "beds_bed_side1.png"
11-28 16:47:34.116 18229 18930 V Minetest: 2023-11-28 16:47:34: VERBOSE[ConnectionReceive]: con(5/1)WARNING: ACKed packet not in outgoing queue seqnum=62
11-28 16:47:34.116 18229 18333 V Minetest: 2023-11-28 16:47:34: VERBOSE[Main]: Client: Loaded cached media: d749ac6b61b720447f51040a6d5d2cbe9f2f21be "beds_bed_side2.png"
11-28 16:47:34.118 18229 18930 V Minetest: 2023-11-28 16:47:34: VERBOSE[ConnectionReceive]: con(5/1)WARNING: ACKed packet not in outgoing queue seqnum=63
11-28 16:47:34.119 18229 18333 V Minetest: 2023-11-28 16:47:34: VERBOSE[Main]: Client: Loaded cached media: 5b25a7b21f058858887498a7b2b2ba932e7f512f "beds_bed_side_bottom.png"
11-28 16:47:34.120 18229 18333 V Minetest: 2023-11-28 16:47:34: VERBOSE[Main]: Client: Loaded cached media: 84736b327613f1c1062671b33b6ed3c103c4f8b0 "beds_bed_side_bottom_r.png"
11-28 16:47:34.121 18229 18930 V Minetest: 2023-11-28 16:47:34: VERBOSE[ConnectionReceive]: con(5/1)WARNING: ACKed packet not in outgoing queue seqnum=64
11-28 16:47:34.122 18229 18333 V Minetest: 2023-11-28 16:47:34: VERBOSE[Main]: Client: Loaded cached media: 608c13bb5c71183925b8f1eb6292c11c31e8d65b "beds_bed_side_top.png"
11-28 16:47:34.122 18229 18930 V Minetest: 2023-11-28 16:47:34: VERBOSE[ConnectionReceive]: con(5/1)WARNING: ACKed packet not in outgoing queue seqnum=65
11-28 16:47:34.123 18229 18333 V Minetest: 2023-11-28 16:47:34: VERBOSE[Main]: Client: Loaded cached media: e0fa11b272f6ab122eb2d2936018f401a3d3aa00 "beds_bed_side_top_r.png"
11-28 16:47:34.124 18229 18333 V Minetest: 2023-11-28 16:47:34: VERBOSE[Main]: Client: Loaded cached media: 95b56a3c1fead5e184a8973f050223cb50ef4ae3 "beds_bed_top1.png"
11-28 16:47:34.125 18229 18930 V Minetest: 2023-11-28 16:47:34: VERBOSE[ConnectionReceive]: con(5/1)WARNING: ACKed packet not in outgoing queue seqnum=66
11-28 16:47:34.125 18229 18333 V Minetest: 2023-11-28 16:47:34: VERBOSE[Main]: Client: Loaded cached media: 245e04c3bb269d75fd64d78d808d9cc4299f7b2b "beds_bed_top2.png"
11-28 16:47:34.126 18229 18333 V Minetest: 2023-11-28 16:47:34: VERBOSE[Main]: Client: Loaded cached media: 28b2c19977d97e4c942d6e531492c3d3242eb73c "beds_bed_top_bottom.png"
11-28 16:47:34.127 18229 18930 V Minetest: 2023-11-28 16:47:34: VERBOSE[ConnectionReceive]: con(5/1)WARNING: ACKed packet not in outgoing queue seqnum=67
11-28 16:47:34.127 18229 18333 V Minetest: 2023-11-28 16:47:34: VERBOSE[Main]: Client: Loaded cached media: 662bc7db9b490c43a9f20bc0e984b8b0ed411387 "beds_bed_top_top.png"
11-28 16:47:34.129 18229 18333 V Minetest: 2023-11-28 16:47:34: VERBOSE[Main]: Client: Loaded cached media: 2278a08154a9c0323665af515946dd1fcd89f512 "beds_bed_under.png"
11-28 16:47:34.131 18229 18333 V Minetest: 2023-11-28 16:47:34: VERBOSE[Main]: Client: Loaded cached media: 2b89dacdfcb444411f120740e7a8f8514c7bb810 "beds_transparent.png"
11-28 16:47:34.131 18229 18930 V Minetest: 2023-11-28 16:47:34: VERBOSE[ConnectionReceive]: con(5/1)WARNING: ACKed packet not in outgoing queue seqnum=68
11-28 16:47:34.132 18229 18333 V Minetest: 2023-11-28 16:47:34: VERBOSE[Main]: Client: Loaded cached media: 1f6cf25561c931958f7f0b25a67a7f9c0db8e741 "binoculars.de.tr"
11-28 16:47:34.133 18229 18333 V Minetest: 2023-11-28 16:47:34: VERBOSE[Main]: Client: Loaded cached media: 7a5dd8684e446c011356f09c9eb398669cf8d337 "binoculars_binoculars.png"
